// Jest Snapshot v1, https://goo.gl/fbAQLP

exports[`Content Component has correct default styles 1`] = `
.c0 {
  padding: 15px;
  display: -webkit-box;
  display: -webkit-flex;
  display: -ms-flexbox;
  display: flex;
  -webkit-flex-direction: column;
  -ms-flex-direction: column;
  flex-direction: column;
  -webkit-flex: 1;
  -ms-flex: 1;
  flex: 1;
  margin-top: 10px;
}

@media (min-width:48rem) {
  .c0 {
    padding: 25px 25px;
    max-width: 62.5rem;
  }
}

<styled.div
  theme={
    Object {
      "color": Object {
        "black": "#000",
        "darkGreen": "#37bc9b",
        "darkGrey": "#aab2bd",
        "darkRed": "#da4453",
        "lightGreen": "#48cfad",
        "lightGrey": "#ccd1d9",
        "lightRed": "#ed5565",
        "primary": "#5d9cec",
        "secondary": "#4a89dc",
        "white": "#fff",
      },
      "layout": Object {
        "maxWidth": "62.5rem",
      },
    }
  }
>
  <div
    className="c0"
  >
    Some Content
  </div>
</styled.div>
`;
