exports[`component renders 1`] = `
<Grid
  bsClass="container"
  componentClass="div"
  fluid={false}>
  <h2>
    Page not found
  </h2>
  <Link
    onlyActiveOnIndex={false}
    style={Object {}}
    to="/">
    <span
      className="glyphicon glyphicon-home" />
     Go back home
  </Link>
</Grid>
`;
