// Jest Snapshot v1, https://goo.gl/fbAQLP

exports[`StyledInput Component has correct default styles 1`] = `
.c0 {
  padding: 10px 10px;
  border: 1px solid #ccd1d9;
  margin-top: 10px;
}

<styled.input
  theme={
    Object {
      "color": Object {
        "black": "#000",
        "darkGreen": "#37bc9b",
        "darkGrey": "#aab2bd",
        "darkRed": "#da4453",
        "lightGreen": "#48cfad",
        "lightGrey": "#ccd1d9",
        "lightRed": "#ed5565",
        "primary": "#5d9cec",
        "secondary": "#4a89dc",
        "white": "#fff",
      },
      "layout": Object {
        "maxWidth": "62.5rem",
      },
    }
  }
>
  <StyledComponent
    forwardedClass={
      Object {
        "$$typeof": Symbol(react.forward_ref),
        "attrs": Array [],
        "componentStyle": ComponentStyle {
          "componentId": "sc-htpNat",
          "isStatic": false,
          "lastClassName": "c0",
          "rules": Array [
            "
  padding: 10px 10px;
  border: 1px solid ",
            [Function],
            ";
  margin-top: 10px;
",
          ],
        },
        "displayName": "styled.input",
        "render": [Function],
        "styledComponentId": "sc-htpNat",
        "target": "input",
        "toString": [Function],
        "warnTooManyClasses": [Function],
        "withComponent": [Function],
      }
    }
    forwardedRef={null}
    theme={
      Object {
        "color": Object {
          "black": "#000",
          "darkGreen": "#37bc9b",
          "darkGrey": "#aab2bd",
          "darkRed": "#da4453",
          "lightGreen": "#48cfad",
          "lightGrey": "#ccd1d9",
          "lightRed": "#ed5565",
          "primary": "#5d9cec",
          "secondary": "#4a89dc",
          "white": "#fff",
        },
        "layout": Object {
          "maxWidth": "62.5rem",
        },
      }
    }
  >
    <input
      className="c0"
    />
  </StyledComponent>
</styled.input>
`;
